[2025-11-09 10:41:27] --- Cerere POST pentru  ---
[2025-11-09 10:41:27] Eroare la decodarea JSON: Syntax error
[2025-11-09 10:50:00] --- Cerere POST pentru  ---
[2025-11-09 10:50:00] Eroare la decodarea JSON: Syntax error
[2025-11-09 10:50:28] --- Cerere POST pentru  ---
[2025-11-09 10:50:28] Eroare la decodarea JSON: Syntax error
[2025-11-09 10:50:50] --- Cerere POST pentru  ---
[2025-11-09 10:50:50] Eroare la decodarea JSON: Syntax error
[2025-11-09 10:52:23] --- Cerere POST pentru  ---
[2025-11-09 10:52:23] Eroare la decodarea JSON: Syntax error
[2025-11-09 11:06:16] --- Cerere POST pentru  ---
[2025-11-09 11:06:16] Eroare la decodarea JSON: Syntax error
[2025-11-09 11:07:40] --- Cerere POST pentru  ---
[2025-11-09 11:07:40] Eroare la decodarea JSON: Syntax error
[2025-11-09 11:07:44] --- Cerere POST pentru  ---
[2025-11-09 11:07:44] Eroare la decodarea JSON: Syntax error
[2025-11-09 11:10:18] --- Cerere POST pentru  ---
[2025-11-09 11:10:18] Eroare la decodarea JSON: Syntax error
[2025-11-09 11:21:07] --- Cerere POST pentru data ---
[2025-11-09 11:21:07] Salvare 'data'. Se salvează 10 clienți și 0 evenimente.
[2025-11-09 11:21:07] Niciun eveniment primit. Se șterge tot istoricul programelor asociat evenimentelor.
[2025-11-09 11:21:07] Salvare 'data' reușită.
[2025-11-09 11:21:07] --- Cerere POST pentru evolution ---
[2025-11-09 11:21:07] Salvare 'evolution'. Se primesc date pentru 0 clienți.
[2025-11-09 11:21:07] Tabelele de evoluție au fost golite.
[2025-11-09 11:21:07] Salvare 'evolution' reușită.
[2025-11-09 11:21:07] --- Cerere POST pentru billings ---
[2025-11-09 11:21:07] Salvare 'billings'. Se primesc date pentru 0 clienți.
[2025-11-09 11:21:07] Tabelul 'payments' a fost golit.
[2025-11-09 11:21:07] Salvare 'billings' reușită. 0 înregistrări adăugate.
[2025-11-09 11:21:21] --- Cerere POST pentru data ---
[2025-11-09 11:21:21] Salvare 'data'. Se salvează 10 clienți și 0 evenimente.
[2025-11-09 11:21:21] Niciun eveniment primit. Se șterge tot istoricul programelor asociat evenimentelor.
[2025-11-09 11:21:21] Salvare 'data' reușită.
[2025-11-09 11:21:21] --- Cerere POST pentru evolution ---
[2025-11-09 11:21:21] Salvare 'evolution'. Se primesc date pentru 0 clienți.
[2025-11-09 11:21:21] Tabelele de evoluție au fost golite.
[2025-11-09 11:21:21] Salvare 'evolution' reușită.
[2025-11-09 11:21:21] --- Cerere POST pentru billings ---
[2025-11-09 11:21:21] Salvare 'billings'. Se primesc date pentru 0 clienți.
[2025-11-09 11:21:21] Tabelul 'payments' a fost golit.
[2025-11-09 11:21:21] Salvare 'billings' reușită. 0 înregistrări adăugate.
[2025-11-09 11:21:32] --- Cerere POST pentru data ---
[2025-11-09 11:21:32] Salvare 'data'. Se salvează 10 clienți și 0 evenimente.
[2025-11-09 11:21:32] Niciun eveniment primit. Se șterge tot istoricul programelor asociat evenimentelor.
[2025-11-09 11:21:32] Salvare 'data' reușită.
[2025-11-09 11:21:32] --- Cerere POST pentru evolution ---
[2025-11-09 11:21:32] Salvare 'evolution'. Se primesc date pentru 0 clienți.
[2025-11-09 11:21:32] Tabelele de evoluție au fost golite.
[2025-11-09 11:21:32] Salvare 'evolution' reușită.
[2025-11-09 11:21:32] --- Cerere POST pentru billings ---
[2025-11-09 11:21:32] Salvare 'billings'. Se primesc date pentru 0 clienți.
[2025-11-09 11:21:32] Tabelul 'payments' a fost golit.
[2025-11-09 11:21:32] Salvare 'billings' reușită. 0 înregistrări adăugate.
[2025-11-09 11:21:43] --- Cerere POST pentru data ---
[2025-11-09 11:21:43] Salvare 'data'. Se salvează 10 clienți și 0 evenimente.
[2025-11-09 11:21:43] Niciun eveniment primit. Se șterge tot istoricul programelor asociat evenimentelor.
[2025-11-09 11:21:43] Salvare 'data' reușită.
[2025-11-09 11:21:43] --- Cerere POST pentru evolution ---
[2025-11-09 11:21:43] Salvare 'evolution'. Se primesc date pentru 0 clienți.
[2025-11-09 11:21:43] Tabelele de evoluție au fost golite.
[2025-11-09 11:21:43] Salvare 'evolution' reușită.
[2025-11-09 11:21:43] --- Cerere POST pentru billings ---
[2025-11-09 11:21:43] Salvare 'billings'. Se primesc date pentru 0 clienți.
[2025-11-09 11:21:43] Tabelul 'payments' a fost golit.
[2025-11-09 11:21:43] Salvare 'billings' reușită. 0 înregistrări adăugate.
[2025-11-09 11:21:52] --- Cerere POST pentru data ---
[2025-11-09 11:21:52] Salvare 'data'. Se salvează 10 clienți și 0 evenimente.
[2025-11-09 11:21:52] Niciun eveniment primit. Se șterge tot istoricul programelor asociat evenimentelor.
[2025-11-09 11:21:52] Salvare 'data' reușită.
[2025-11-09 11:22:00] --- Cerere POST pentru data ---
[2025-11-09 11:22:00] Salvare 'data'. Se salvează 10 clienți și 0 evenimente.
[2025-11-09 11:22:00] Niciun eveniment primit. Se șterge tot istoricul programelor asociat evenimentelor.
[2025-11-09 11:22:00] Salvare 'data' reușită.
[2025-11-09 11:22:00] --- Cerere POST pentru evolution ---
[2025-11-09 11:22:00] Salvare 'evolution'. Se primesc date pentru 0 clienți.
[2025-11-09 11:22:00] Tabelele de evoluție au fost golite.
[2025-11-09 11:22:00] Salvare 'evolution' reușită.
[2025-11-09 11:22:00] --- Cerere POST pentru billings ---
[2025-11-09 11:22:00] Salvare 'billings'. Se primesc date pentru 0 clienți.
[2025-11-09 11:22:00] Tabelul 'payments' a fost golit.
[2025-11-09 11:22:00] Salvare 'billings' reușită. 0 înregistrări adăugate.
[2025-11-09 11:22:13] --- Cerere POST pentru data ---
[2025-11-09 11:22:13] Salvare 'data'. Se salvează 10 clienți și 0 evenimente.
[2025-11-09 11:22:13] Niciun eveniment primit. Se șterge tot istoricul programelor asociat evenimentelor.
[2025-11-09 11:22:13] Salvare 'data' reușită.
[2025-11-09 11:22:13] --- Cerere POST pentru evolution ---
[2025-11-09 11:22:13] Salvare 'evolution'. Se primesc date pentru 0 clienți.
[2025-11-09 11:22:13] Tabelele de evoluție au fost golite.
[2025-11-09 11:22:13] Salvare 'evolution' reușită.
[2025-11-09 11:22:13] --- Cerere POST pentru billings ---
[2025-11-09 11:22:13] Salvare 'billings'. Se primesc date pentru 0 clienți.
[2025-11-09 11:22:13] Tabelul 'payments' a fost golit.
[2025-11-09 11:22:13] Salvare 'billings' reușită. 0 înregistrări adăugate.
[2025-11-09 11:22:26] --- Cerere POST pentru data ---
[2025-11-09 11:22:26] Salvare 'data'. Se salvează 10 clienți și 0 evenimente.
[2025-11-09 11:22:26] Niciun eveniment primit. Se șterge tot istoricul programelor asociat evenimentelor.
[2025-11-09 11:22:26] Salvare 'data' reușită.
[2025-11-09 11:22:26] --- Cerere POST pentru evolution ---
[2025-11-09 11:22:26] Salvare 'evolution'. Se primesc date pentru 0 clienți.
[2025-11-09 11:22:27] Tabelele de evoluție au fost golite.
[2025-11-09 11:22:27] Salvare 'evolution' reușită.
[2025-11-09 11:22:27] --- Cerere POST pentru billings ---
[2025-11-09 11:22:27] Salvare 'billings'. Se primesc date pentru 0 clienți.
[2025-11-09 11:22:27] Tabelul 'payments' a fost golit.
[2025-11-09 11:22:27] Salvare 'billings' reușită. 0 înregistrări adăugate.
[2025-11-09 11:22:38] --- Cerere POST pentru data ---
[2025-11-09 11:22:38] Salvare 'data'. Se salvează 10 clienți și 0 evenimente.
[2025-11-09 11:22:38] Niciun eveniment primit. Se șterge tot istoricul programelor asociat evenimentelor.
[2025-11-09 11:22:38] Salvare 'data' reușită.
[2025-11-09 11:22:38] --- Cerere POST pentru evolution ---
[2025-11-09 11:22:38] Salvare 'evolution'. Se primesc date pentru 0 clienți.
[2025-11-09 11:22:38] Tabelele de evoluție au fost golite.
[2025-11-09 11:22:38] Salvare 'evolution' reușită.
[2025-11-09 11:22:38] --- Cerere POST pentru billings ---
[2025-11-09 11:22:38] Salvare 'billings'. Se primesc date pentru 0 clienți.
[2025-11-09 11:22:38] Tabelul 'payments' a fost golit.
[2025-11-09 11:22:38] Salvare 'billings' reușită. 0 înregistrări adăugate.
[2025-11-09 11:22:54] --- Cerere POST pentru data ---
[2025-11-09 11:22:54] Salvare 'data'. Se salvează 10 clienți și 0 evenimente.
[2025-11-09 11:22:54] Niciun eveniment primit. Se șterge tot istoricul programelor asociat evenimentelor.
[2025-11-09 11:22:55] Salvare 'data' reușită.
[2025-11-09 11:22:55] --- Cerere POST pentru evolution ---
[2025-11-09 11:22:55] Salvare 'evolution'. Se primesc date pentru 0 clienți.
[2025-11-09 11:22:55] Tabelele de evoluție au fost golite.
[2025-11-09 11:22:55] Salvare 'evolution' reușită.
[2025-11-09 11:22:55] --- Cerere POST pentru billings ---
[2025-11-09 11:22:55] Salvare 'billings'. Se primesc date pentru 0 clienți.
[2025-11-09 11:22:55] Tabelul 'payments' a fost golit.
[2025-11-09 11:22:55] Salvare 'billings' reușită. 0 înregistrări adăugate.
[2025-11-09 11:23:08] --- Cerere POST pentru data ---
[2025-11-09 11:23:08] Salvare 'data'. Se salvează 10 clienți și 0 evenimente.
[2025-11-09 11:23:08] Niciun eveniment primit. Se șterge tot istoricul programelor asociat evenimentelor.
[2025-11-09 11:23:08] Salvare 'data' reușită.
[2025-11-09 11:23:08] --- Cerere POST pentru evolution ---
[2025-11-09 11:23:08] Salvare 'evolution'. Se primesc date pentru 0 clienți.
[2025-11-09 11:23:08] Tabelele de evoluție au fost golite.
[2025-11-09 11:23:08] Salvare 'evolution' reușită.
[2025-11-09 11:23:08] --- Cerere POST pentru billings ---
[2025-11-09 11:23:08] Salvare 'billings'. Se primesc date pentru 0 clienți.
[2025-11-09 11:23:08] Tabelul 'payments' a fost golit.
[2025-11-09 11:23:08] Salvare 'billings' reușită. 0 înregistrări adăugate.
[2025-11-09 11:23:16] --- Cerere POST pentru data ---
[2025-11-09 11:23:16] Salvare 'data'. Se salvează 10 clienți și 0 evenimente.
[2025-11-09 11:23:16] Niciun eveniment primit. Se șterge tot istoricul programelor asociat evenimentelor.
[2025-11-09 11:23:16] Salvare 'data' reușită.
[2025-11-09 11:23:21] --- Cerere POST pentru data ---
[2025-11-09 11:23:21] Salvare 'data'. Se salvează 10 clienți și 0 evenimente.
[2025-11-09 11:23:21] Niciun eveniment primit. Se șterge tot istoricul programelor asociat evenimentelor.
[2025-11-09 11:23:21] Salvare 'data' reușită.
[2025-11-09 11:23:26] --- Cerere POST pentru data ---
[2025-11-09 11:23:26] Salvare 'data'. Se salvează 10 clienți și 0 evenimente.
[2025-11-09 11:23:26] Niciun eveniment primit. Se șterge tot istoricul programelor asociat evenimentelor.
[2025-11-09 11:23:26] Salvare 'data' reușită.
[2025-11-09 11:23:33] --- Cerere POST pentru data ---
[2025-11-09 11:23:33] Salvare 'data'. Se salvează 10 clienți și 0 evenimente.
[2025-11-09 11:23:33] Niciun eveniment primit. Se șterge tot istoricul programelor asociat evenimentelor.
[2025-11-09 11:23:33] Salvare 'data' reușită.
[2025-11-09 11:23:39] --- Cerere POST pentru data ---
[2025-11-09 11:23:39] Salvare 'data'. Se salvează 10 clienți și 0 evenimente.
[2025-11-09 11:23:39] Niciun eveniment primit. Se șterge tot istoricul programelor asociat evenimentelor.
[2025-11-09 11:23:39] Salvare 'data' reușită.
[2025-11-09 11:23:45] --- Cerere POST pentru data ---
[2025-11-09 11:23:45] Salvare 'data'. Se salvează 10 clienți și 0 evenimente.
[2025-11-09 11:23:45] Niciun eveniment primit. Se șterge tot istoricul programelor asociat evenimentelor.
[2025-11-09 11:23:45] Salvare 'data' reușită.
[2025-11-09 11:23:54] --- Cerere POST pentru data ---
[2025-11-09 11:23:54] Salvare 'data'. Se salvează 10 clienți și 0 evenimente.
[2025-11-09 11:23:54] Niciun eveniment primit. Se șterge tot istoricul programelor asociat evenimentelor.
[2025-11-09 11:23:54] Salvare 'data' reușită.
[2025-11-09 11:23:58] --- Cerere POST pentru data ---
[2025-11-09 11:23:58] Salvare 'data'. Se salvează 10 clienți și 0 evenimente.
[2025-11-09 11:23:58] Niciun eveniment primit. Se șterge tot istoricul programelor asociat evenimentelor.
[2025-11-09 11:23:58] Salvare 'data' reușită.
[2025-11-09 11:24:08] --- Cerere POST pentru data ---
[2025-11-09 11:24:08] Salvare 'data'. Se salvează 10 clienți și 0 evenimente.
[2025-11-09 11:24:08] Niciun eveniment primit. Se șterge tot istoricul programelor asociat evenimentelor.
[2025-11-09 11:24:08] Salvare 'data' reușită.
[2025-11-09 11:24:16] --- Cerere POST pentru data ---
[2025-11-09 11:24:16] Salvare 'data'. Se salvează 10 clienți și 0 evenimente.
[2025-11-09 11:24:16] Niciun eveniment primit. Se șterge tot istoricul programelor asociat evenimentelor.
[2025-11-09 11:24:16] Salvare 'data' reușită.
[2025-11-09 11:39:15] --- Cerere POST pentru data ---
[2025-11-09 11:39:15] Salvare 'data'. Se salvează 10 clienți și 1 evenimente.
[2025-11-09 11:39:15] Curățat 0 înregistrări vechi din program_history.
[2025-11-09 11:39:15] Salvare 'data' reușită.
[2025-11-09 11:39:29] --- Cerere POST pentru data ---
[2025-11-09 11:39:29] Salvare 'data'. Se salvează 10 clienți și 1 evenimente.
[2025-11-09 11:39:29] Curățat 0 înregistrări vechi din program_history.
[2025-11-09 11:39:29] Salvare 'data' reușită.
[2025-11-09 11:39:34] --- Cerere POST pentru data ---
[2025-11-09 11:39:34] Salvare 'data'. Se salvează 10 clienți și 2 evenimente.
[2025-11-09 11:39:34] Curățat 0 înregistrări vechi din program_history.
[2025-11-09 11:39:34] Salvare 'data' reușită.
[2025-11-09 11:39:46] --- Cerere POST pentru data ---
[2025-11-09 11:39:46] Salvare 'data'. Se salvează 10 clienți și 1 evenimente.
[2025-11-09 11:39:46] Curățat 0 înregistrări vechi din program_history.
[2025-11-09 11:39:46] Salvare 'data' reușită.
[2025-11-09 11:40:45] --- Cerere POST pentru  ---
[2025-11-09 11:40:45] Eroare la decodarea JSON: Syntax error
[2025-11-09 11:43:40] --- Cerere POST pentru data ---
[2025-11-09 11:43:40] Salvare 'data'. Se salvează 10 clienți și 1 evenimente.
[2025-11-09 11:43:40] Curățat 0 înregistrări vechi din program_history.
[2025-11-09 11:43:40] Salvare 'data' reușită.
[2025-11-09 11:43:43] --- Cerere POST pentru data ---
[2025-11-09 11:43:43] Salvare 'data'. Se salvează 10 clienți și 2 evenimente.
[2025-11-09 11:43:43] Curățat 0 înregistrări vechi din program_history.
[2025-11-09 11:43:43] Salvare 'data' reușită.
[2025-11-09 12:02:29] --- Cerere POST pentru data ---
[2025-11-09 12:02:29] Salvare 'data'. Se salvează 10 clienți și 2 evenimente.
[2025-11-09 12:02:29] Curățat 0 înregistrări vechi din program_history.
[2025-11-09 12:02:29] Salvare 'data' reușită.
[2025-11-09 12:05:51] --- Cerere POST pentru data ---
[2025-11-09 12:05:51] Salvare 'data'. Se salvează 10 clienți și 16 evenimente.
[2025-11-09 12:05:51] Curățat 0 înregistrări vechi din program_history.
[2025-11-09 12:05:51] Salvare 'data' reușită.
[2025-11-09 12:06:16] --- Cerere POST pentru data ---
[2025-11-09 12:06:16] Salvare 'data'. Se salvează 10 clienți și 15 evenimente.
[2025-11-09 12:06:16] Curățat 0 înregistrări vechi din program_history.
[2025-11-09 12:06:16] Salvare 'data' reușită.
[2025-11-09 12:06:57] --- Cerere POST pentru data ---
[2025-11-09 12:06:57] Salvare 'data'. Se salvează 10 clienți și 28 evenimente.
[2025-11-09 12:06:57] Curățat 0 înregistrări vechi din program_history.
[2025-11-09 12:06:57] Salvare 'data' reușită.
[2025-11-09 12:07:16] --- Cerere POST pentru data ---
[2025-11-09 12:07:16] Salvare 'data'. Se salvează 10 clienți și 28 evenimente.
[2025-11-09 12:07:16] Curățat 0 înregistrări vechi din program_history.
[2025-11-09 12:07:16] Salvare 'data' reușită.
[2025-11-09 12:09:05] --- Cerere POST pentru data ---
[2025-11-09 12:09:05] Salvare 'data'. Se salvează 10 clienți și 28 evenimente.
[2025-11-09 12:09:05] Curățat 0 înregistrări vechi din program_history.
[2025-11-09 12:09:05] Salvare 'data' reușită.
[2025-11-09 12:09:11] --- Cerere POST pentru data ---
[2025-11-09 12:09:11] Salvare 'data'. Se salvează 10 clienți și 28 evenimente.
[2025-11-09 12:09:11] Curățat 0 înregistrări vechi din program_history.
[2025-11-09 12:09:11] Salvare 'data' reușită.
[2025-11-09 12:09:44] --- Cerere POST pentru data ---
[2025-11-09 12:09:44] Salvare 'data'. Se salvează 10 clienți și 29 evenimente.
[2025-11-09 12:09:44] Curățat 0 înregistrări vechi din program_history.
[2025-11-09 12:09:44] Salvare 'data' reușită.
[2025-11-09 12:09:53] --- Cerere POST pentru data ---
[2025-11-09 12:09:53] Salvare 'data'. Se salvează 10 clienți și 29 evenimente.
[2025-11-09 12:09:53] Curățat 0 înregistrări vechi din program_history.
[2025-11-09 12:09:53] Salvare 'data' reușită.
[2025-11-09 12:10:09] --- Cerere POST pentru data ---
[2025-11-09 12:10:09] Salvare 'data'. Se salvează 10 clienți și 29 evenimente.
[2025-11-09 12:10:09] Curățat 0 înregistrări vechi din program_history.
[2025-11-09 12:10:09] Salvare 'data' reușită.
[2025-11-09 12:10:26] --- Cerere POST pentru data ---
[2025-11-09 12:10:26] Salvare 'data'. Se salvează 10 clienți și 48 evenimente.
[2025-11-09 12:10:26] Curățat 0 înregistrări vechi din program_history.
[2025-11-09 12:10:26] Salvare 'data' reușită.
[2025-11-09 12:11:03] --- Cerere POST pentru data ---
[2025-11-09 12:11:03] Salvare 'data'. Se salvează 10 clienți și 52 evenimente.
[2025-11-09 12:11:03] Curățat 0 înregistrări vechi din program_history.
[2025-11-09 12:11:03] Salvare 'data' reușită.
[2025-11-09 12:11:16] --- Cerere POST pentru data ---
[2025-11-09 12:11:16] Salvare 'data'. Se salvează 10 clienți și 52 evenimente.
[2025-11-09 12:11:16] Curățat 0 înregistrări vechi din program_history.
[2025-11-09 12:11:16] Salvare 'data' reușită.
[2025-11-09 12:11:23] --- Cerere POST pentru data ---
[2025-11-09 12:11:23] Salvare 'data'. Se salvează 10 clienți și 51 evenimente.
[2025-11-09 12:11:23] Curățat 0 înregistrări vechi din program_history.
[2025-11-09 12:11:23] Salvare 'data' reușită.
[2025-11-09 12:11:28] --- Cerere POST pentru data ---
[2025-11-09 12:11:28] Salvare 'data'. Se salvează 10 clienți și 50 evenimente.
[2025-11-09 12:11:28] Curățat 0 înregistrări vechi din program_history.
[2025-11-09 12:11:28] Salvare 'data' reușită.
[2025-11-09 12:12:11] --- Cerere POST pentru data ---
[2025-11-09 12:12:11] Salvare 'data'. Se salvează 10 clienți și 59 evenimente.
[2025-11-09 12:12:11] Curățat 0 înregistrări vechi din program_history.
[2025-11-09 12:12:11] Salvare 'data' reușită.
[2025-11-09 12:13:09] --- Cerere POST pentru data ---
[2025-11-09 12:13:09] Salvare 'data'. Se salvează 10 clienți și 64 evenimente.
[2025-11-09 12:13:09] Curățat 0 înregistrări vechi din program_history.
[2025-11-09 12:13:09] Salvare 'data' reușită.
[2025-11-09 12:14:13] --- Cerere POST pentru data ---
[2025-11-09 12:14:13] Salvare 'data'. Se salvează 10 clienți și 74 evenimente.
[2025-11-09 12:14:13] Curățat 0 înregistrări vechi din program_history.
[2025-11-09 12:14:13] Salvare 'data' reușită.
[2025-11-09 12:14:25] --- Cerere POST pentru data ---
[2025-11-09 12:14:25] Salvare 'data'. Se salvează 10 clienți și 74 evenimente.
[2025-11-09 12:14:25] Curățat 0 înregistrări vechi din program_history.
[2025-11-09 12:14:25] Salvare 'data' reușită.
[2025-11-09 12:14:38] --- Cerere POST pentru data ---
[2025-11-09 12:14:38] Salvare 'data'. Se salvează 10 clienți și 74 evenimente.
[2025-11-09 12:14:38] Curățat 0 înregistrări vechi din program_history.
[2025-11-09 12:14:38] Salvare 'data' reușită.
[2025-11-09 12:14:38] --- Cerere POST pentru evolution ---
[2025-11-09 12:14:38] Salvare 'evolution'. Se primesc date pentru 1 clienți.
[2025-11-09 12:14:38] Tabelele de evoluție au fost golite.
[2025-11-09 12:14:38] Se procesează evoluția pentru client: andrei0511
[2025-11-09 12:14:38] Salvare 'evolution' reușită.
[2025-11-09 12:14:39] --- Cerere POST pentru data ---
[2025-11-09 12:14:39] Salvare 'data'. Se salvează 10 clienți și 74 evenimente.
[2025-11-09 12:14:39] Curățat 0 înregistrări vechi din program_history.
[2025-11-09 12:14:39] Salvare 'data' reușită.
[2025-11-09 12:14:39] --- Cerere POST pentru evolution ---
[2025-11-09 12:14:39] Salvare 'evolution'. Se primesc date pentru 1 clienți.
[2025-11-09 12:14:39] Tabelele de evoluție au fost golite.
[2025-11-09 12:14:39] Se procesează evoluția pentru client: andrei0511
[2025-11-09 12:14:39] Salvare 'evolution' reușită.
[2025-11-09 12:14:40] --- Cerere POST pentru data ---
[2025-11-09 12:14:40] Salvare 'data'. Se salvează 10 clienți și 74 evenimente.
[2025-11-09 12:14:40] Curățat 0 înregistrări vechi din program_history.
[2025-11-09 12:14:40] Salvare 'data' reușită.
[2025-11-09 12:14:40] --- Cerere POST pentru evolution ---
[2025-11-09 12:14:40] Salvare 'evolution'. Se primesc date pentru 1 clienți.
[2025-11-09 12:14:40] Tabelele de evoluție au fost golite.
[2025-11-09 12:14:40] Se procesează evoluția pentru client: andrei0511
[2025-11-09 12:14:40] Salvare 'evolution' reușită.
[2025-11-09 12:14:42] --- Cerere POST pentru data ---
[2025-11-09 12:14:42] Salvare 'data'. Se salvează 10 clienți și 74 evenimente.
[2025-11-09 12:14:42] Curățat 0 înregistrări vechi din program_history.
[2025-11-09 12:14:42] Salvare 'data' reușită.
[2025-11-09 12:14:42] --- Cerere POST pentru evolution ---
[2025-11-09 12:14:42] Salvare 'evolution'. Se primesc date pentru 1 clienți.
[2025-11-09 12:14:42] Tabelele de evoluție au fost golite.
[2025-11-09 12:14:42] Se procesează evoluția pentru client: andrei0511
[2025-11-09 12:14:42] Salvare 'evolution' reușită.
[2025-11-09 12:14:43] --- Cerere POST pentru data ---
[2025-11-09 12:14:43] Salvare 'data'. Se salvează 10 clienți și 74 evenimente.
[2025-11-09 12:14:43] Curățat 0 înregistrări vechi din program_history.
[2025-11-09 12:14:43] Salvare 'data' reușită.
[2025-11-09 12:14:43] --- Cerere POST pentru evolution ---
[2025-11-09 12:14:43] Salvare 'evolution'. Se primesc date pentru 1 clienți.
[2025-11-09 12:14:43] Tabelele de evoluție au fost golite.
[2025-11-09 12:14:43] Se procesează evoluția pentru client: andrei0511
[2025-11-09 12:14:43] Salvare 'evolution' reușită.
[2025-11-09 12:14:44] --- Cerere POST pentru data ---
[2025-11-09 12:14:44] Salvare 'data'. Se salvează 10 clienți și 74 evenimente.
[2025-11-09 12:14:44] Curățat 0 înregistrări vechi din program_history.
[2025-11-09 12:14:44] Salvare 'data' reușită.
[2025-11-09 12:14:44] --- Cerere POST pentru evolution ---
[2025-11-09 12:14:44] Salvare 'evolution'. Se primesc date pentru 1 clienți.
[2025-11-09 12:14:44] Tabelele de evoluție au fost golite.
[2025-11-09 12:14:44] Se procesează evoluția pentru client: andrei0511
[2025-11-09 12:14:44] Salvare 'evolution' reușită.
[2025-11-09 12:14:45] --- Cerere POST pentru data ---
[2025-11-09 12:14:45] Salvare 'data'. Se salvează 10 clienți și 74 evenimente.
[2025-11-09 12:14:45] Curățat 0 înregistrări vechi din program_history.
[2025-11-09 12:14:45] Salvare 'data' reușită.
[2025-11-09 12:14:45] --- Cerere POST pentru evolution ---
[2025-11-09 12:14:45] Salvare 'evolution'. Se primesc date pentru 1 clienți.
[2025-11-09 12:14:45] Tabelele de evoluție au fost golite.
[2025-11-09 12:14:45] Se procesează evoluția pentru client: andrei0511
[2025-11-09 12:14:45] Salvare 'evolution' reușită.
[2025-11-09 12:14:46] --- Cerere POST pentru data ---
[2025-11-09 12:14:46] Salvare 'data'. Se salvează 10 clienți și 74 evenimente.
[2025-11-09 12:14:46] Curățat 0 înregistrări vechi din program_history.
[2025-11-09 12:14:46] Salvare 'data' reușită.
[2025-11-09 12:14:46] --- Cerere POST pentru evolution ---
[2025-11-09 12:14:46] Salvare 'evolution'. Se primesc date pentru 1 clienți.
[2025-11-09 12:14:46] Tabelele de evoluție au fost golite.
[2025-11-09 12:14:46] Se procesează evoluția pentru client: andrei0511
[2025-11-09 12:14:46] Salvare 'evolution' reușită.
[2025-11-09 12:14:47] --- Cerere POST pentru data ---
[2025-11-09 12:14:47] Salvare 'data'. Se salvează 10 clienți și 74 evenimente.
[2025-11-09 12:14:47] Curățat 0 înregistrări vechi din program_history.
[2025-11-09 12:14:47] Salvare 'data' reușită.
[2025-11-09 12:14:47] --- Cerere POST pentru evolution ---
[2025-11-09 12:14:47] Salvare 'evolution'. Se primesc date pentru 1 clienți.
[2025-11-09 12:14:47] Tabelele de evoluție au fost golite.
[2025-11-09 12:14:47] Se procesează evoluția pentru client: andrei0511
[2025-11-09 12:14:47] Salvare 'evolution' reușită.
[2025-11-09 12:14:48] --- Cerere POST pentru data ---
[2025-11-09 12:14:48] Salvare 'data'. Se salvează 10 clienți și 74 evenimente.
[2025-11-09 12:14:48] Curățat 0 înregistrări vechi din program_history.
[2025-11-09 12:14:48] Salvare 'data' reușită.
[2025-11-09 12:14:48] --- Cerere POST pentru evolution ---
[2025-11-09 12:14:48] Salvare 'evolution'. Se primesc date pentru 1 clienți.
[2025-11-09 12:14:48] Tabelele de evoluție au fost golite.
[2025-11-09 12:14:48] Se procesează evoluția pentru client: andrei0511
[2025-11-09 12:14:48] Salvare 'evolution' reușită.
[2025-11-09 12:14:49] --- Cerere POST pentru data ---
[2025-11-09 12:14:49] Salvare 'data'. Se salvează 10 clienți și 74 evenimente.
[2025-11-09 12:14:49] Curățat 0 înregistrări vechi din program_history.
[2025-11-09 12:14:49] Salvare 'data' reușită.
[2025-11-09 12:14:49] --- Cerere POST pentru evolution ---
[2025-11-09 12:14:49] Salvare 'evolution'. Se primesc date pentru 1 clienți.
[2025-11-09 12:14:49] Tabelele de evoluție au fost golite.
[2025-11-09 12:14:49] Se procesează evoluția pentru client: andrei0511
[2025-11-09 12:14:49] Salvare 'evolution' reușită.
[2025-11-09 12:14:57] --- Cerere POST pentru data ---
[2025-11-09 12:14:57] Salvare 'data'. Se salvează 10 clienți și 74 evenimente.
[2025-11-09 12:14:57] Curățat 0 înregistrări vechi din program_history.
[2025-11-09 12:14:57] Salvare 'data' reușită.
[2025-11-09 12:14:57] --- Cerere POST pentru evolution ---
[2025-11-09 12:14:57] Salvare 'evolution'. Se primesc date pentru 1 clienți.
[2025-11-09 12:14:57] Tabelele de evoluție au fost golite.
[2025-11-09 12:14:57] Se procesează evoluția pentru client: andrei0511
[2025-11-09 12:14:57] Salvare 'evolution' reușită.
[2025-11-09 12:14:58] --- Cerere POST pentru data ---
[2025-11-09 12:14:58] Salvare 'data'. Se salvează 10 clienți și 74 evenimente.
[2025-11-09 12:14:58] Curățat 0 înregistrări vechi din program_history.
[2025-11-09 12:14:58] Salvare 'data' reușită.
[2025-11-09 12:14:58] --- Cerere POST pentru evolution ---
[2025-11-09 12:14:58] Salvare 'evolution'. Se primesc date pentru 1 clienți.
[2025-11-09 12:14:58] Tabelele de evoluție au fost golite.
[2025-11-09 12:14:58] Se procesează evoluția pentru client: andrei0511
[2025-11-09 12:14:58] Salvare 'evolution' reușită.
[2025-11-09 12:14:58] --- Cerere POST pentru data ---
[2025-11-09 12:14:58] Salvare 'data'. Se salvează 10 clienți și 74 evenimente.
[2025-11-09 12:14:58] Curățat 0 înregistrări vechi din program_history.
[2025-11-09 12:14:58] Salvare 'data' reușită.
[2025-11-09 12:14:58] --- Cerere POST pentru evolution ---
[2025-11-09 12:14:58] Salvare 'evolution'. Se primesc date pentru 1 clienți.
[2025-11-09 12:14:58] Tabelele de evoluție au fost golite.
[2025-11-09 12:14:58] Se procesează evoluția pentru client: andrei0511
[2025-11-09 12:14:58] Salvare 'evolution' reușită.
[2025-11-09 12:14:59] --- Cerere POST pentru data ---
[2025-11-09 12:14:59] Salvare 'data'. Se salvează 10 clienți și 74 evenimente.
[2025-11-09 12:14:59] Curățat 0 înregistrări vechi din program_history.
[2025-11-09 12:14:59] Salvare 'data' reușită.
[2025-11-09 12:14:59] --- Cerere POST pentru evolution ---
[2025-11-09 12:14:59] Salvare 'evolution'. Se primesc date pentru 1 clienți.
[2025-11-09 12:14:59] Tabelele de evoluție au fost golite.
[2025-11-09 12:14:59] Se procesează evoluția pentru client: andrei0511
[2025-11-09 12:14:59] Salvare 'evolution' reușită.
[2025-11-09 12:15:00] --- Cerere POST pentru data ---
[2025-11-09 12:15:00] Salvare 'data'. Se salvează 10 clienți și 74 evenimente.
[2025-11-09 12:15:00] Curățat 0 înregistrări vechi din program_history.
[2025-11-09 12:15:00] Salvare 'data' reușită.
[2025-11-09 12:15:00] --- Cerere POST pentru evolution ---
[2025-11-09 12:15:00] Salvare 'evolution'. Se primesc date pentru 1 clienți.
[2025-11-09 12:15:00] Tabelele de evoluție au fost golite.
[2025-11-09 12:15:00] Se procesează evoluția pentru client: andrei0511
[2025-11-09 12:15:00] Salvare 'evolution' reușită.
[2025-11-09 12:15:01] --- Cerere POST pentru data ---
[2025-11-09 12:15:01] Salvare 'data'. Se salvează 10 clienți și 74 evenimente.
[2025-11-09 12:15:01] Curățat 0 înregistrări vechi din program_history.
[2025-11-09 12:15:01] Salvare 'data' reușită.
[2025-11-09 12:15:01] --- Cerere POST pentru evolution ---
[2025-11-09 12:15:01] Salvare 'evolution'. Se primesc date pentru 1 clienți.
[2025-11-09 12:15:01] Tabelele de evoluție au fost golite.
[2025-11-09 12:15:01] Se procesează evoluția pentru client: andrei0511
[2025-11-09 12:15:01] Salvare 'evolution' reușită.
[2025-11-09 12:15:01] --- Cerere POST pentru data ---
[2025-11-09 12:15:01] Salvare 'data'. Se salvează 10 clienți și 74 evenimente.
[2025-11-09 12:15:01] Curățat 0 înregistrări vechi din program_history.
[2025-11-09 12:15:01] Salvare 'data' reușită.
[2025-11-09 12:15:01] --- Cerere POST pentru evolution ---
[2025-11-09 12:15:01] Salvare 'evolution'. Se primesc date pentru 1 clienți.
[2025-11-09 12:15:01] Tabelele de evoluție au fost golite.
[2025-11-09 12:15:01] Se procesează evoluția pentru client: andrei0511
[2025-11-09 12:15:01] Salvare 'evolution' reușită.
[2025-11-09 12:15:04] --- Cerere POST pentru data ---
[2025-11-09 12:15:04] Salvare 'data'. Se salvează 10 clienți și 74 evenimente.
[2025-11-09 12:15:04] Curățat 0 înregistrări vechi din program_history.
[2025-11-09 12:15:04] Salvare 'data' reușită.
[2025-11-09 12:18:05] --- Cerere POST pentru data ---
[2025-11-09 12:18:05] Salvare 'data'. Se salvează 10 clienți și 75 evenimente.
[2025-11-09 12:18:05] Curățat 0 înregistrări vechi din program_history.
[2025-11-09 12:18:05] Salvare 'data' reușită.
[2025-11-09 12:18:19] --- Cerere POST pentru data ---
[2025-11-09 12:18:19] Salvare 'data'. Se salvează 10 clienți și 75 evenimente.
[2025-11-09 12:18:19] Curățat 0 înregistrări vechi din program_history.
[2025-11-09 12:18:19] Salvare 'data' reușită.
[2025-11-09 12:19:02] --- Cerere POST pentru data ---
[2025-11-09 12:19:02] Salvare 'data'. Se salvează 10 clienți și 79 evenimente.
[2025-11-09 12:19:02] Curățat 0 înregistrări vechi din program_history.
[2025-11-09 12:19:02] Salvare 'data' reușită.
[2025-11-09 12:19:43] --- Cerere POST pentru data ---
[2025-11-09 12:19:43] Salvare 'data'. Se salvează 10 clienți și 84 evenimente.
[2025-11-09 12:19:43] Curățat 0 înregistrări vechi din program_history.
[2025-11-09 12:19:43] Salvare 'data' reușită.
[2025-11-09 12:51:44] --- Cerere POST pentru  ---
[2025-11-09 12:51:44] Eroare la decodarea JSON: Syntax error
[2025-11-09 13:19:50] --- Cerere POST pentru  ---
[2025-11-09 13:19:50] Eroare la decodarea JSON: Syntax error
[2025-11-09 13:32:45] --- Cerere POST pentru  ---
[2025-11-09 13:32:45] Eroare la decodarea JSON: Syntax error
[2025-11-09 13:32:59] --- Cerere POST pentru data ---
[2025-11-09 13:32:59] Salvare 'data'. Se salvează 10 clienți și 84 evenimente.
[2025-11-09 13:32:59] Curățat 0 înregistrări vechi din program_history.
[2025-11-09 13:32:59] Salvare 'data' reușită.
[2025-11-09 13:59:28] --- Cerere POST pentru  ---
[2025-11-09 13:59:28] Eroare la decodarea JSON: Syntax error
[2025-11-09 22:37:43] --- Cerere POST pentru  ---
[2025-11-09 22:37:43] Eroare la decodarea JSON: Syntax error
